<?xml version="1.0" encoding="UTF-8"?>
<rss version="2.0" xmlns:atom="http://www.w3.org/2005/Atom">
    <channel>
        <atom:link href="http://localhost/feedBaseUrl/feed1.rss" rel="self" type="application/rss+xml" />
        <title><![CDATA[Feed 1 RSS]]></title>
        <link><![CDATA[http://localhost/feedBaseUrl/feed1.rss]]></link>
        <image>
            <url>http://localhost/image.jpg</url>
            <title><![CDATA[Feed 1 RSS]]></title>
            <link><![CDATA[http://localhost/feedBaseUrl/feed1.rss]]></link>
        </image>
        <description><![CDATA[This is feed 1 as RSS from the unit tests]]></description>
        <language>en-US</language>
        <pubDate>Thu, 31 Dec 2015 22:59:00 +0000</pubDate>

                    <item>
                <title><![CDATA[feedItemTitle]]></title>
                <link>https://localhost/news/testItem1</link>
                <description><![CDATA[feedItemSummary]]></description>
                <author><![CDATA[feedItemAuthor <feedItemAuthor@test.test>]]></author>
                <guid>http://localhost/1</guid>
                <pubDate>Thu, 31 Dec 2015 22:59:00 +0000</pubDate>
                                    <category>feedItemCategory</category>
                            </item>
                    <item>
                <title><![CDATA[feedItemTitle]]></title>
                <link>https://localhost/news/testItem2</link>
                <description><![CDATA[feedItemSummary]]></description>
                <author><![CDATA[feedItemAuthor <feedItemAuthor@test.test>]]></author>
                <guid>http://localhost/2</guid>
                <pubDate>Thu, 31 Dec 2015 22:58:00 +0000</pubDate>
                                    <category>feedItemCategory</category>
                            </item>
                    <item>
                <title><![CDATA[feedItemTitle]]></title>
                <link>https://localhost/news/testItem3</link>
                <description><![CDATA[feedItemSummary]]></description>
                <author><![CDATA[feedItemAuthor <feedItemAuthor@test.test>]]></author>
                <guid>http://localhost/3</guid>
                <pubDate>Thu, 31 Dec 2015 22:57:00 +0000</pubDate>
                                    <category>feedItemCategory</category>
                            </item>
                    <item>
                <title><![CDATA[feedItemTitle]]></title>
                <link>https://localhost/news/testItem4</link>
                <description><![CDATA[feedItemSummary]]></description>
                <author><![CDATA[feedItemAuthor <feedItemAuthor@test.test>]]></author>
                <guid>http://localhost/4</guid>
                <pubDate>Thu, 31 Dec 2015 22:56:00 +0000</pubDate>
                                    <category>feedItemCategory</category>
                            </item>
                    <item>
                <title><![CDATA[feedItemTitle]]></title>
                <link>https://localhost/news/testItem5</link>
                <description><![CDATA[feedItemSummary]]></description>
                <author><![CDATA[feedItemAuthor <feedItemAuthor@test.test>]]></author>
                <guid>http://localhost/5</guid>
                <pubDate>Thu, 31 Dec 2015 22:55:00 +0000</pubDate>
                                    <category>feedItemCategory</category>
                            </item>
            </channel>
</rss>
